repair: verifying the frozen protocol paths are untouched
  8 protocol paths, 17 dependencies, 18 data paths, all matching the freeze
repair: deriving the call sites and auditing every other call
  rt.pooled_all_routes is called at lines [550, 579], both one argument short
  27 other call(s) audited, no further arity problem
repair: proving the patch cannot reach the decision
  8 decision-bearing call(s), none passed the patched field
repair: proving the anchor is not a candidate
  MG is the named anchor, is not one of the 8 grid rows, is already filtered at lines [294, 299, 304, 331], and is missing from the two bindings that rank: ['eligible', 'ranked']
repair: reproducing the crash unpatched
  TypeError: pooled_all_routes() missing 1 required positional argument: 'probe_entities'
  the crashed run wrote or changed the report: False
repair: running the frozen selector with probe_entities supplied (35 entities, read from data/reports/mllmu_iter12_retention_probe.json) and MG kept out of the ranking
[2026-09-14 19:40:08] INFO     select_iter12_stage2 — reused 3 state(s); 24 eight-number values reproduce Stage 1c exactly
[2026-09-14 19:40:09] INFO     select_iter12_stage2 — MG train+val vector: {'filr': 0.142, 'tga': 0.4284, 'ancestor': 0.2519, 'retain_same': 0.531, 'retain_other': 0.5444, 'over': 0.0321, 'wrong': 0.2432}
[2026-09-14 19:40:19] INFO     select_unlearning — [B5_cap0.5_lam0.5_lr2e-05_ep5] reusing provenance-validated predictions predictions_tv_B5_cap0.5_lam0.5_lr2e-05_ep5.parquet (4518 rows)
[2026-09-14 19:40:19] INFO     select_iter12_stage2 — [B5_cap0.5_lam0.5_lr2e-05_ep5] fine_target NLL 0.7832 | frac_at_cap 0.8 | {"text.retain_same_entity.entity_macro": 0.4935, "text.retain_same_entity.row_micro": 0.5098, "text.retain_other_entity.entity_macro": 0.4638, "text.retain_other_entity.row_micro": 0.4211, "image.retain_same_entity_image.entity_macro": 0.4479, "image.retain_same_entity_image.row_micro": 0.451, "image.retain_other_entity_image.entity_macro": 0.4239, "image.retain_other_entity_image.row_micro": 0.3947}
[2026-09-14 19:40:20] INFO     select_unlearning — [B5_cap1.0_lam0.5_lr2e-05_ep5] reusing provenance-validated predictions predictions_tv_B5_cap1.0_lam0.5_lr2e-05_ep5.parquet (4518 rows)
[2026-09-14 19:40:20] INFO     select_iter12_stage2 — [B5_cap1.0_lam0.5_lr2e-05_ep5] fine_target NLL 1.1852 | frac_at_cap 0.6333 | {"text.retain_same_entity.entity_macro": 0.4816, "text.retain_same_entity.row_micro": 0.4975, "text.retain_other_entity.entity_macro": 0.4638, "text.retain_other_entity.row_micro": 0.4079, "image.retain_same_entity_image.entity_macro": 0.4108, "image.retain_same_entity_image.row_micro": 0.4216, "image.retain_other_entity_image.entity_macro": 0.3804, "image.retain_other_entity_image.row_micro": 0.3684}
[2026-09-14 19:40:20] INFO     select_unlearning — [B5_cap2.0_lam0.5_lr2e-05_ep5] reusing provenance-validated predictions predictions_tv_B5_cap2.0_lam0.5_lr2e-05_ep5.parquet (4518 rows)
[2026-09-14 19:40:21] INFO     select_iter12_stage2 — [B5_cap2.0_lam0.5_lr2e-05_ep5] fine_target NLL 1.8007 | frac_at_cap 0.4111 | {"text.retain_same_entity.entity_macro": 0.4891, "text.retain_same_entity.row_micro": 0.4926, "text.retain_other_entity.entity_macro": 0.4312, "text.retain_other_entity.row_micro": 0.3816, "image.retain_same_entity_image.entity_macro": 0.3436, "image.retain_same_entity_image.row_micro": 0.3505, "image.retain_other_entity_image.entity_macro": 0.337, "image.retain_other_entity_image.row_micro": 0.3289}
[2026-09-14 19:40:21] INFO     select_unlearning — [B5_cap4.0_lam0.5_lr2e-05_ep5] reusing provenance-validated predictions predictions_tv_B5_cap4.0_lam0.5_lr2e-05_ep5.parquet (4518 rows)
[2026-09-14 19:40:22] INFO     select_iter12_stage2 — [B5_cap4.0_lam0.5_lr2e-05_ep5] fine_target NLL 2.3548 | frac_at_cap 0.2667 | {"text.retain_same_entity.entity_macro": 0.468, "text.retain_same_entity.row_micro": 0.4853, "text.retain_other_entity.entity_macro": 0.4746, "text.retain_other_entity.row_micro": 0.4079, "image.retain_same_entity_image.entity_macro": 0.3653, "image.retain_same_entity_image.row_micro": 0.375, "image.retain_other_entity_image.entity_macro": 0.3696, "image.retain_other_entity_image.row_micro": 0.3684}
[2026-09-14 19:40:22] INFO     select_unlearning — [B5_cap2.0_lam0.5_lr2e-05_ep8] reusing provenance-validated predictions predictions_tv_B5_cap2.0_lam0.5_lr2e-05_ep8.parquet (4518 rows)
[2026-09-14 19:40:23] INFO     select_iter12_stage2 — [B5_cap2.0_lam0.5_lr2e-05_ep8] fine_target NLL 2.9924 | frac_at_cap 0.9111 | {"text.retain_same_entity.entity_macro": 0.4616, "text.retain_same_entity.row_micro": 0.4681, "text.retain_other_entity.entity_macro": 0.4638, "text.retain_other_entity.row_micro": 0.3816, "image.retain_same_entity_image.entity_macro": 0.3177, "image.retain_same_entity_image.row_micro": 0.326, "image.retain_other_entity_image.entity_macro": 0.2935, "image.retain_other_entity_image.row_micro": 0.3026}
[2026-09-14 19:40:23] INFO     select_unlearning — [B6_beta13.642_lam0.5_lr2e-05_ep5] reusing provenance-validated predictions predictions_tv_B6_beta13.642_lam0.5_lr2e-05_ep5.parquet (4518 rows)
[2026-09-14 19:40:23] INFO     select_iter12_stage2 — [B6_beta13.642_lam0.5_lr2e-05_ep5] fine_target NLL 0.6857 | frac_at_cap None | {"text.retain_same_entity.entity_macro": 0.543, "text.retain_same_entity.row_micro": 0.5466, "text.retain_other_entity.entity_macro": 0.5199, "text.retain_other_entity.row_micro": 0.5132, "image.retain_same_entity_image.entity_macro": 0.5043, "image.retain_same_entity_image.row_micro": 0.5098, "image.retain_other_entity_image.entity_macro": 0.4348, "image.retain_other_entity_image.row_micro": 0.4211}
[2026-09-14 19:40:24] INFO     select_unlearning — [B6R_beta13.642_w1.0_lam0.5_lr2e-05_ep5] reusing provenance-validated predictions predictions_tv_B6R_beta13.642_w1.0_lam0.5_lr2e-05_ep5.parquet (4518 rows)
[2026-09-14 19:40:24] INFO     select_iter12_stage2 — [B6R_beta13.642_w1.0_lam0.5_lr2e-05_ep5] fine_target NLL 0.6469 | frac_at_cap None | {"text.retain_same_entity.entity_macro": 0.5413, "text.retain_same_entity.row_micro": 0.5441, "text.retain_other_entity.entity_macro": 0.4982, "text.retain_other_entity.row_micro": 0.5, "image.retain_same_entity_image.entity_macro": 0.4985, "image.retain_same_entity_image.row_micro": 0.5049, "image.retain_other_entity_image.entity_macro": 0.4565, "image.retain_other_entity_image.row_micro": 0.4342}
[2026-09-14 19:40:24] INFO     select_iter12_stage2 — eligible on the primary (MG-anchored) floor: 0/9
[2026-09-14 19:40:24] INFO     select_iter12_stage2 — eligible on the reported B0-anchored floor: 1/9
[2026-09-14 19:40:24] INFO     select_iter12_stage2 — selected None | tied_with [] | stage 3 opens: True (no candidate satisfied the primary retention floor)
[2026-09-14 19:40:24] INFO     select_iter12_stage2 — Selection report -> /scratch/wutiantong/GMUL/granularity-unlearning/data/reports/mllmu_iter12_stage2_selection.json
  10 call(s) served, all from scripts/select_iter12_stage2.py lines [550, 579]; 10 call(s) from the callee itself passed through untouched
  build_report saw 10 row(s), scored 9, dropped ['MG']
  selected: None; the anchor still anchors the floor: True
Traceback (most recent call last):
  File "/scratch/wutiantong/GMUL/granularity-unlearning/scripts/repair_iter12_stage2_selection.py", line 1116, in <module>
    sys.exit(main())
  File "/scratch/wutiantong/GMUL/granularity-unlearning/scripts/repair_iter12_stage2_selection.py", line 957, in main
    "git_commit": fis2._git(REPO_ROOT).get("git_commit")
AttributeError: 'NoneType' object has no attribute 'get'
